// Jest Snapshot v1, https://goo.gl/fbAQLP

exports[`Button renders should Button match snapshot 1`] = `
<DocumentFragment>
  <button
    class=""
  >
    Button
  </button>
</DocumentFragment>
`;
